[0.9.6811.14098]
./cdesigner.exe
./cdrestore.exe
./cdset.nfo
./libraries/PdfSharp.dll
./images/noimage.png
./images/transparent.png
./icons/combo-child.png
./icons/combo-end.png
./icons/combo-one.png
./icons/combo-parent.png
./icons/combo-start.png
./icons/first-page.png
./icons/image-field.png
./icons/item-add.png
./icons/item-delete.png
./icons/last-page.png
./icons/next-page.png
./icons/prev-page.png
./icons/refresh.png
./icons/split-rows.png
./icons/text-field.png
./images/cdesigner-128.png
./images/cdesigner-16.png
./images/cdesigner-256.png
./images/cdesigner-32.png
./images/cdesigner-48.png
./images/cdesigner-512.png
./images/cdesigner-64.png
./images/cdesigner-96.png
./icons/cdesigner.ico
./images/cdrestore-128.png
./images/cdrestore-16.png
./images/cdrestore-256.png
./images/cdrestore-32.png
./images/cdrestore-48.png
./images/cdrestore-512.png
./images/cdrestore-64.png
./images/cdrestore-96.png
./icons/cdrestore.ico
./languages/eng.lex
./languages/pol.lex
./languages/qps.lex
